Loading tipsters from DB (minPicks=0)...
Found 6404 tipsters to process
[100/6404] done=100, errors=0 | greentennis y6m=0.55 p6m=24.17
[200/6404] done=200, errors=0 | shak y6m=-100.00 p6m=1.00
[300/6404] done=300, errors=0 | mlbpassion y6m=2.29 p6m=15.33
[400/6404] done=400, errors=0 | domsn94 y6m=7.56 p6m=79.17
[500/6404] done=500, errors=0 | malhavacas y6m=-22.17 p6m=60.00
[600/6404] done=600, errors=0 | footballline y6m=7.21 p6m=8.67
[700/6404] done=700, errors=0 | worldrugby-europeanbasket y6m=-0.14 p6m=61.50
[800/6404] done=800, errors=0 | willmaster y6m=-17.65 p6m=4.60
[900/6404] done=900, errors=0 | m1kbet y6m=13.45 p6m=34.00
[1000/6404] done=1000, errors=0 | pokemonpsyduck y6m=-11.91 p6m=4.83
[1100/6404] done=1100, errors=0 | greenbetanalyst y6m=12.13 p6m=16.33
[1200/6404] done=1200, errors=0 | tarowskitips y6m=22.77 p6m=34.00
[1300/6404] done=1300, errors=0 | russiabasket y6m=7.88 p6m=23.83
[1400/6404] done=1400, errors=0 | pachina y6m=70.57 p6m=2.33
[1500/6404] done=1500, errors=0 | diamondbasketball y6m=-7.73 p6m=68.67
[1600/6404] done=1600, errors=0 | forzadepor2020 y6m=6.98 p6m=7.17
[1700/6404] done=1700, errors=0 | vjbet y6m=4.01 p6m=17.67
[1800/6404] done=1800, errors=0 | machocabrio y6m=0.75 p6m=4.83
[1900/6404] done=1900, errors=0 | 3210 y6m=-14.29 p6m=2.00
[2000/6404] done=2000, errors=0 | jimenezluque y6m=31.11 p6m=4.25
[2100/6404] done=2100, errors=0 | piotrwuja y6m=0.32 p6m=12.00
[2200/6404] done=2200, errors=0 | fakeituntilmakeit y6m=-5.26 p6m=4.00
[2300/6404] done=2300, errors=0 | midwicket y6m=27.86 p6m=7.00
[2400/6404] done=2400, errors=0 | rodro12 y6m=0.00 p6m=3.50
[2500/6404] done=2500, errors=0 | lakers81 y6m=22.46 p6m=4.17
[2600/6404] done=2600, errors=0 | thebetsyndicate y6m=80.00 p6m=3.00
[2700/6404] done=2700, errors=0 | ajmbizi y6m=-100.00 p6m=3.00
[2800/6404] done=2800, errors=0 | alexandertheless y6m=19.31 p6m=4.17
[2900/6404] done=2900, errors=0 | franksua y6m=3.17 p6m=18.00
[3000/6404] done=3000, errors=0 | smasshit y6m=10.26 p6m=35.50
[3100/6404] done=3100, errors=0 | opopopo y6m=13.08 p6m=4.33
[3200/6404] done=3200, errors=0 | e-factory y6m=3.88 p6m=19.17
[3300/6404] done=3300, errors=0 | rksnba y6m=100.00 p6m=1.00
[3400/6404] done=3400, errors=0 | tenistax15 y6m=-0.63 p6m=37.60
[3500/6404] done=3500, errors=0 | cleak y6m=20.08 p6m=84.67
[3600/6404] done=3600, errors=0 | elitebetpr0 y6m=17.00 p6m=20.00
[3700/6404] done=3700, errors=0 | yaizamiranda y6m=16.67 p6m=3.00
[3800/6404] done=3800, errors=0 | cotesauvage y6m=0.00 p6m=1.00
[3900/6404] done=3900, errors=0 | onewon104 y6m=-100.00 p6m=1.00
[4000/6404] done=4000, errors=0 | statofoot y6m=0.52 p6m=39.67
[4100/6404] done=4100, errors=0 | duraace986 y6m=0.00 p6m=1.00
[4200/6404] done=4200, errors=0 | yes1sthalf y6m=25.23 p6m=51.00
[4300/6404] done=4300, errors=0 | oddalyze y6m=-12.00 p6m=25.00
[4400/6404] done=4400, errors=0 | sheltonapuestas y6m=10.38 p6m=31.67
[4500/6404] done=4500, errors=0 | wislak y6m=86.09 p6m=14.00
[4600/6404] done=4600, errors=0 | angrytarantula y6m=35.50 p6m=20.00
[4700/6404] done=4700, errors=0 | justme1 y6m=105.32 p6m=3.00
[4800/6404] done=4800, errors=0 | zknot y6m=150.00 p6m=2.00
[4900/6404] done=4900, errors=0 | 3hunna y6m=2.44 p6m=28.00
[5000/6404] done=5000, errors=0 | foryoufriend y6m=0.86 p6m=17.00
[5100/6404] done=5100, errors=0 | betro y6m=-100.00 p6m=2.00
[5200/6404] done=5200, errors=0 | biggestcomebackdays y6m=-63.01 p6m=46.00
[5300/6404] done=5300, errors=0 | yperion y6m=65.00 p6m=2.00
[5400/6404] done=5400, errors=0 | oddsgoals y6m=0.00 p6m=1289.25
[5500/6404] done=5500, errors=0 | amsterdamdasouza y6m=1.96 p6m=103.67
[5600/6404] done=5600, errors=0 | dekaokto92 y6m=19.72 p6m=24.50
[5700/6404] done=5700, errors=0 | ratedrvalue y6m=12.48 p6m=3.00
[5800/6404] done=5800, errors=0 | cs2only y6m=-65.00 p6m=4.00
[5900/6404] done=5900, errors=0 | agoutemp y6m=17.11 p6m=202.50
[6000/6404] done=6000, errors=0 | gogosianbetshome y6m=44.98 p6m=6.00
[6100/6404] done=6100, errors=0 | elemanxoc y6m=25.00 p6m=6.00
[6200/6404] done=6200, errors=0 | planas47 y6m=3.34 p6m=88.00
[6300/6404] done=6300, errors=0 | chetyruni y6m=-62.50 p6m=2.00
[6400/6404] done=6400, errors=0 | heoaimcog y6m=50.00 p6m=1.00
Stats crawl finished. Total done=6404, errors=0
Loading tipsters from DB (minPicks=0)...
Found 6404 tipsters to process
